[true, nil]
f
[false, false]
f
[false, true]
t
[true, nil, "", "nil", true]
unset
nil
[false, :a, "a", ":a", false]
:a
[true, nil, "", true, NilClass]
[false, String, "String", false, Class]
[true, nil]
[false, (1/1)]
[true, nil]
[false, (1+2i)]
false
true
[false, true]
[true, nil]
[false, false]
[true, nil]
[false, :on]
nil
nil
true
Integer
nil
true
true
