"wrong number of arguments (given 0, expected 1)"
"unknown keyword: :x"
"unknown keyword: :x"
[1, 3]
"wrong number of arguments (given 0, expected 1; required keyword: k)"
"wrong number of arguments (given 0, expected 1; required keyword: k)"
"unknown keyword: :x"
[1, 2]
"wrong number of arguments (given 0, expected 1..2)"
"unknown keyword: :y"
["wrong number of arguments (given 0, expected 1)", "unknown keyword: :x"]
"wrong number of arguments (given 0, expected 1)"
"unknown keyword: :x"
"wrong number of arguments (given 2, expected 1; required keyword: k)"
"wrong number of arguments (given 0, expected 1; required keyword: k)"
[1, 1]
"missing keyword: :k"
"unknown keyword: :j"
