[:arr_plus0, ArgumentError, "wrong number of arguments (given 0, expected 1)"]
[:arr_minus0, ArgumentError, "wrong number of arguments (given 0, expected 1)"]
[:arr_cmp0, ArgumentError, "wrong number of arguments (given 0, expected 1)"]
[:int_plus0, ArgumentError, "wrong number of arguments (given 0, expected 1)"]
[:int_lt0, ArgumentError, "wrong number of arguments (given 0, expected 1)"]
[:str_plus0, ArgumentError, "wrong number of arguments (given 0, expected 1)"]
[:str_eq0, ArgumentError, "wrong number of arguments (given 0, expected 1)"]
[:hash_aref0, ArgumentError, "wrong number of arguments (given 0, expected 1)"]
[:arr_first2, ArgumentError, "wrong number of arguments (given 2, expected 0..1)"]
[:arr_size1, ArgumentError, "wrong number of arguments (given 1, expected 0)"]
[:int_abs1, ArgumentError, "wrong number of arguments (given 1, expected 0)"]
[:hash_keys1, ArgumentError, "wrong number of arguments (given 1, expected 0)"]
[:arr_plus2, ArgumentError, "wrong number of arguments (given 2, expected 1)"]
[:str_center0, ArgumentError, "wrong number of arguments (given 0, expected 1..2)"]
[:arr_fetch0, ArgumentError, "wrong number of arguments (given 0, expected 1..2)"]
[:plus0, ArgumentError, "wrong number of arguments (given 0, expected 1)"]
[:size1, ArgumentError, "wrong number of arguments (given 1, expected 0)"]
[:plus0, ArgumentError, "wrong number of arguments (given 0, expected 1)"]
[:size1, ArgumentError, "wrong number of arguments (given 1, expected 0)"]
[:plus0, ArgumentError, "wrong number of arguments (given 0, expected 1)"]
[:size1, ArgumentError, "wrong number of arguments (given 1, expected 0)"]
[:plus0, NoMethodError]
[:size1, ArgumentError, "wrong number of arguments (given 1, expected 0)"]
[:plus0, NoMethodError]
[:size1, NoMethodError]
