false
false
false
false
Range
true
true
Range
:rng
true
true
true
true
Array
false
true
Array
:arr
false
false
false
false
Range
true
true
Range
:rng
false
false
false
false
Hash
false
true
Hash
:other
false
false
false
false
Proc
false
false
Proc
:prc
false
false
false
false
Range
true
true
Range
:rng
4
4
6
2
