[:index_arr, 1]
[:index_str, 1]
[:index_int, TypeError, "no implicit conversion of Integer into String"]
[:index_nil, TypeError, "no implicit conversion of nil into String"]
[:index_re, 2]
[:rindex_arr, 1]
[:rindex_int, TypeError, "no implicit conversion of Integer into String"]
[:rindex_re, 3]
[:index_from_re, 3]
[:rindex_from_re, 1]
[:count_int, TypeError, "no implicit conversion of Integer into String"]
[:count_str, 2]
[:count_arr, 2]
[:include_int, TypeError, "no implicit conversion of Integer into String"]
[:include_arr, true]
[:member_str, NoMethodError, "undefined method 'member?' for an instance of"]
[:member_arr, false]
[:key_str, NoMethodError, "undefined method 'key?' for an instance of St"]
[:key_hash, true]
[:include_boxed_str, true]
[:include_boxed_int, TypeError, "no implicit conversion of Integer into String"]
[:include_arr_boxed, true]
